// Jest Snapshot v1, https://goo.gl/fbAQLP

exports[`Rendering test suit renders simple RN views and texts correctly 1`] = `
<View>
  <Text>
    RN Test
  </Text>
</View>
`;

exports[`Rendering test suit renders simple Tamagui views and texts correctly 1`] = `
<View
  style={{}}
>
  <Text
    style={
      {
        "color": "hsl(0, 0%, 9.0%)",
        "fontFamily": "Satoshi",
      }
    }
    suppressHighlighting={true}
  >
    Tamagui Test
  </Text>
</View>
`;
